  Determining projects to restore...
  All projects are up-to-date for restore.
  InventoryManagement -> d:\N\InventoryManagement\InventoryManagement\bin\Debug\net8.0-windows\InventoryManagement.dll

Build succeeded.
    0 Warning(s)
    0 Error(s)

Time Elapsed 00:00:01.03
